// Jest Snapshot v1, https://goo.gl/fbAQLP

exports[`test in <GifGridItem /> debe mostrar el component correctamente  1`] = `
<div
  className="card animate__animated animate__fadeIn"
>
  <img
    alt="un titulo"
    src="https://localhost/algo.jpg"
  />
  <p>
    un titulo
  </p>
</div>
`;
